// Vitest Snapshot v1, https://vitest.dev/guide/snapshot.html

exports[`module > should export a stable API 1`] = `
{
  "SODIUM_PWHASH_DEFAULTS": {
    "memlimit": 268435456,
    "opslimit": 3,
  },
  "hash": [Function],
  "hashString": [Function],
  "hashStringSync": [Function],
  "hashSync": [Function],
  "needsRehash": [Function],
  "verify": [Function],
  "verifySync": [Function],
}
`;
